
> @nexus-playground/backend@1.0.0 typecheck /home/ubuntu/code/nexus-playground/backend
> tsc --noEmit

src/games/registry.ts(11,10): error TS2300: Duplicate identifier 'RemoteGameLogic'.
src/games/registry.ts(20,10): error TS2300: Duplicate identifier 'RemoteGameLogic'.
src/games/types.ts(20,3): error TS2305: Module '"@nexus/game-sdk"' has no exported member 'JsonSchemaProperty'.
src/games/types.ts(21,3): error TS2305: Module '"@nexus/game-sdk"' has no exported member 'HumanPlayer'.
src/games/types.ts(22,3): error TS2305: Module '"@nexus/game-sdk"' has no exported member 'LLMPlayer'.
src/games/types.ts(23,3): error TS2305: Module '"@nexus/game-sdk"' has no exported member 'Player'.
src/games/types.ts(24,3): error TS2305: Module '"@nexus/game-sdk"' has no exported member 'RoomInfo'.
src/games/types.ts(25,3): error TS2724: '"@nexus/game-sdk"' has no exported member named 'ValidationResult'. Did you mean 'ActionResult'?
src/games/types.ts(26,3): error TS2305: Module '"@nexus/game-sdk"' has no exported member 'cloneState'.
src/games/types.ts(27,3): error TS2305: Module '"@nexus/game-sdk"' has no exported member 'validateAction'.
src/games/types.ts(28,3): error TS2305: Module '"@nexus/game-sdk"' has no exported member 'isMultiPlayerCountConfig'.
src/games/types.ts(29,3): error TS2305: Module '"@nexus/game-sdk"' has no exported member 'getRoleIdsForPlayerCount'.
src/games/types.ts(30,3): error TS2305: Module '"@nexus/game-sdk"' has no exported member 'getAvailablePlayerCounts'.
src/games/types.ts(31,3): error TS2305: Module '"@nexus/game-sdk"' has no exported member 'getGameStatusText'.
src/games/types.ts(32,3): error TS2305: Module '"@nexus/game-sdk"' has no exported member 'stateSerializer'.
src/games/types.ts(38,3): error TS2305: Module '"@nexus/game-sdk"' has no exported member 'PlayerList'.
src/games/types.ts(39,3): error TS2305: Module '"@nexus/game-sdk"' has no exported member 'RoleMapping'.
src/routes/llm-logs-public.ts(19,24): error TS2488: Type 'Promise<GameMetadata[]>' must have a '[Symbol.iterator]()' method that returns an iterator.
src/routes/rooms.ts(279,14): error TS18048: 'metadataRoleIds' is possibly 'undefined'.
src/routes/rooms.ts(280,47): error TS2769: No overload matches this call.
  Overload 1 of 2, '(o: {}): string[]', gave the following error.
    Argument of type 'Record<number, string[]> | undefined' is not assignable to parameter of type '{}'.
      Type 'undefined' is not assignable to type '{}'.
  Overload 2 of 2, '(o: object): string[]', gave the following error.
    Argument of type 'Record<number, string[]> | undefined' is not assignable to parameter of type 'object'.
      Type 'undefined' is not assignable to type 'object'.
src/routes/rooms.ts(286,24): error TS18048: 'metadataRoleIds' is possibly 'undefined'.
src/routes/rooms.ts(321,17): error TS18046: 'player' is of type 'unknown'.
src/routes/rooms.ts(322,29): error TS2698: Spread types may only be created from object types.
src/routes/rooms.ts(328,94): error TS18046: 'p' is of type 'unknown'.
src/routes/rooms.ts(337,21): error TS1308: 'await' expressions are only allowed within async functions and at the top levels of modules.
src/routes/rooms.ts(466,17): error TS18046: 'player' is of type 'unknown'.
src/routes/rooms.ts(467,29): error TS2698: Spread types may only be created from object types.
src/routes/rooms.ts(473,94): error TS18046: 'p' is of type 'unknown'.
src/routes/rooms.ts(482,21): error TS1308: 'await' expressions are only allowed within async functions and at the top levels of modules.
src/routes/rooms.ts(548,13): error TS18046: 'player' is of type 'unknown'.
src/routes/rooms.ts(548,40): error TS18046: 'player' is of type 'unknown'.
src/runtime/action-processor.ts(144,9): error TS2322: Type 'string' is not assignable to type 'number'.
src/runtime/llm-executor.ts(389,33): error TS2339: Property 'generateStatePrompt' does not exist on type 'GameLogic<GameState>'.
src/runtime/llm-executor.ts(488,33): error TS2339: Property 'generateStatePrompt' does not exist on type 'GameLogic<GameState>'.
src/runtime/llm-executor.ts(508,41): error TS18046: 'schema' is of type 'unknown'.
src/runtime/llm-executor.ts(508,58): error TS18046: 'schema' is of type 'unknown'.
src/runtime/llm-executor.ts(509,17): error TS18046: 'schema' is of type 'unknown'.
src/runtime/llm-executor.ts(509,49): error TS18046: 'schema' is of type 'unknown'.
src/runtime/llm-executor.ts(510,32): error TS18046: 'schema' is of type 'unknown'.
src/runtime/llm-executor.ts(510,50): error TS18046: 'schema' is of type 'unknown'.
src/runtime/llm-executor.ts(512,17): error TS18046: 'schema' is of type 'unknown'.
src/runtime/llm-executor.ts(513,33): error TS18046: 'schema' is of type 'unknown'.
src/runtime/llm-executor.ts(677,30): error TS18046: 'schema' is of type 'unknown'.
src/runtime/llm-executor.ts(691,15): error TS18046: 'schema' is of type 'unknown'.
src/runtime/llm-executor.ts(691,55): error TS18046: 'schema' is of type 'unknown'.
src/runtime/llm-executor.ts(692,63): error TS18046: 'schema' is of type 'unknown'.
src/runtime/llm-executor.ts(694,74): error TS18046: 'schema' is of type 'unknown'.
src/runtime/llm-executor.ts(700,15): error TS18046: 'schema' is of type 'unknown'.
src/runtime/llm-executor.ts(700,55): error TS18046: 'schema' is of type 'unknown'.
src/runtime/llm-executor.ts(701,63): error TS18046: 'schema' is of type 'unknown'.
src/runtime/llm-executor.ts(703,74): error TS18046: 'schema' is of type 'unknown'.
src/runtime/llm-executor.ts(719,15): error TS18046: 'schema' is of type 'unknown'.
src/runtime/llm-executor.ts(719,31): error TS18046: 'schema' is of type 'unknown'.
src/runtime/llm-executor.ts(720,74): error TS18046: 'schema' is of type 'unknown'.
src/runtime/llm-executor.ts(722,74): error TS18046: 'schema' is of type 'unknown'.
src/utils/perspective-broadcast.ts(40,24): error TS2345: Argument of type 'unknown' is not assignable to parameter of type 'string'.
 ELIFECYCLE  Command failed with exit code 2.
